#-----------------------------------------------------------
# Vivado v2022.2 (64-bit)
# SW Build 3671981 on Fri Oct 14 04:59:54 MDT 2022
# IP Build 3669848 on Fri Oct 14 08:30:02 MDT 2022
# Start of session at: Fri Oct 14 13:23:48 2022
# Process ID: 8383
# Current directory: /tmp/jenkins-BUILDS-hw_designs_builds-2022.2-297_xilinx-ac701/bsps/xilinx-ac701-2022.2/hw_proj/xilinx-ac701-2022.2/xilinx-ac701-2022.2.runs/bd_b764_c_counter_binary_0_0_synth_1
# Command line: vivado -log bd_b764_c_counter_binary_0_0.vds -product Vivado -mode batch -messageDb vivado.pb -notrace -source bd_b764_c_counter_binary_0_0.tcl
# Log file: /tmp/jenkins-BUILDS-hw_designs_builds-2022.2-297_xilinx-ac701/bsps/xilinx-ac701-2022.2/hw_proj/xilinx-ac701-2022.2/xilinx-ac701-2022.2.runs/bd_b764_c_counter_binary_0_0_synth_1/bd_b764_c_counter_binary_0_0.vds
# Journal file: /tmp/jenkins-BUILDS-hw_designs_builds-2022.2-297_xilinx-ac701/bsps/xilinx-ac701-2022.2/hw_proj/xilinx-ac701-2022.2/xilinx-ac701-2022.2.runs/bd_b764_c_counter_binary_0_0_synth_1/vivado.jou
# Running On: xcosswbld09, OS: Linux, CPU Frequency: 2472.529 MHz, CPU Physical cores: 26, Host memory: 540966 MB
#-----------------------------------------------------------
source bd_b764_c_counter_binary_0_0.tcl -notrace
