#-----------------------------------------------------------
# Vivado v2022.2 (64-bit)
# SW Build 3671981 on Fri Oct 14 04:59:54 MDT 2022
# IP Build 3669848 on Fri Oct 14 08:30:02 MDT 2022
# Start of session at: Fri Oct 14 13:21:14 2022
# Process ID: 625
# Current directory: /tmp/jenkins-BUILDS-hw_designs_builds-2022.2-297_xilinx-ac701/bsps/xilinx-ac701-2022.2/hw_proj/xilinx-ac701-2022.2/xilinx-ac701-2022.2.runs/mb_preset_axi_uartlite_0_0_synth_1
# Command line: vivado -log mb_preset_axi_uartlite_0_0.vds -product Vivado -mode batch -messageDb vivado.pb -notrace -source mb_preset_axi_uartlite_0_0.tcl
# Log file: /tmp/jenkins-BUILDS-hw_designs_builds-2022.2-297_xilinx-ac701/bsps/xilinx-ac701-2022.2/hw_proj/xilinx-ac701-2022.2/xilinx-ac701-2022.2.runs/mb_preset_axi_uartlite_0_0_synth_1/mb_preset_axi_uartlite_0_0.vds
# Journal file: /tmp/jenkins-BUILDS-hw_designs_builds-2022.2-297_xilinx-ac701/bsps/xilinx-ac701-2022.2/hw_proj/xilinx-ac701-2022.2/xilinx-ac701-2022.2.runs/mb_preset_axi_uartlite_0_0_synth_1/vivado.jou
# Running On: xcosswbld09, OS: Linux, CPU Frequency: 2298.337 MHz, CPU Physical cores: 25, Host memory: 540966 MB
#-----------------------------------------------------------
source mb_preset_axi_uartlite_0_0.tcl -notrace
